node.exe :  ΓÜá Warning: 
Next.js inferred your 
workspace root, but it may 
not be correct.
At C:\Program 
Files\nodejs\npx.ps1:29 
char:3
+   & $NODE_EXE $NPX_CLI_JS 
$args
+   
~~~~~~~~~~~~~~~~~~~~~~~~~~~~~
    + CategoryInfo           
   : NotSpecified: ( ΓÜ    á 
Warning: N...not be     
correct.:String) [], R    
emoteException
    + FullyQualifiedErrorI   
 d : NativeCommandError
 
 We detected multiple 
lockfiles and selected the 
directory of C:\Users\Adminis
trator\package-lock.json as 
the root directory.
 To silence this warning, 
set `outputFileTracingRoot` 
in your Next.js config, or 
consider removing one of the 
lockfiles if it's not needed.
   See https://nextjs.org/doc
s/app/api-reference/config/ne
xt-config-js/output#caveats 
for more information.
 Detected additional 
lockfiles: 
   * C:\Users\Administrator\n
ewsites\mesoflix derivex\meso
flix-Algobinary\pnpm-lock.yam
l

   Γû▓ Next.js 15.5.15
   - Environments: .env.local

   Creating an optimized production build ...
 Γ£ô Compiled successfully in 47s
   Skipping validation of types
   Linting ...
   Collecting page data ...
   Generating static pages (0/29) ...
   Generating static pages (7/29) 
   Generating static pages (14/29) 
   Generating static pages (21/29) 
 Γ£ô Generating static pages (29/29)
   Finalizing page optimization ...
   Collecting build traces ...

Route (app)                                 Size  First Load JS
Γöî Γùï /                                    3.75 kB         113 kB
Γö£ Γùï /_not-found                             1 kB         103 kB
Γö£ Γùï /activity                            3.64 kB         172 kB
Γö£ ╞Æ /api/admin/auth/login                  156 B         102 kB
Γö£ ╞Æ /api/admin/auth/register               156 B         102 kB
Γö£ ╞Æ /api/admin/leaderboard/sync            156 B         102 kB
Γö£ ╞Æ /api/admin/news                        156 B         102 kB
Γö£ ╞Æ /api/auth/deriv/token                  156 B         102 kB
Γö£ ╞Æ /api/auth/deriv/userinfo               156 B         102 kB
Γö£ ╞Æ /api/community/ban                     156 B         102 kB
Γö£ ╞Æ /api/community/nickname                156 B         102 kB
Γö£ ╞Æ /api/notifications                     156 B         102 kB
Γö£ ╞Æ /api/user/profile                      156 B         102 kB
Γö£ Γùï /auth/callback                       4.58 kB         176 kB
Γö£ Γùï /backtest                            4.45 kB         114 kB
Γö£ Γùï /community                           8.33 kB         197 kB
Γö£ Γùï /dashboard                           6.87 kB         186 kB
Γö£ Γùï /dx/ms/staff/main/admin              7.47 kB         117 kB
Γö£ Γùï /dx/ms/staff/main/admin/dashboard     118 kB         323 kB
Γö£ Γùï /history                                5 kB         173 kB
Γö£ Γùï /leaderboard                         5.08 kB         178 kB
Γö£ Γùï /login                               4.79 kB         114 kB
Γö£ Γùï /news                                4.89 kB         173 kB
Γö£ Γùï /settings                            8.09 kB         176 kB
Γö£ Γùï /strategy                            4.85 kB         114 kB
Γö£ Γùï /studio                              4.65 kB         114 kB
Γö£ ╞Æ /tool/[id]                           20.9 kB         225 kB
Γöö Γùï /trading                             5.14 kB         114 kB
+ First Load JS shared by all             102 kB
  Γö£ chunks/271-946f47bb77c06b54.js       45.9 kB
  Γö£ chunks/b76200e2-de8da9aa9125f1bc.js  54.2 kB
  Γöö other shared chunks (total)          2.15 kB


╞Æ Middleware                             33.3 kB

Γùï  (Static)   prerendered as static content
╞Æ  (Dynamic)  server-rendered on demand

